2026-05-24 11:03:26,407 [INFO] Activator:176 - 


2026-05-24 11:03:26,410 [INFO] Activator:177 - !SESSION log4j initialized
2026-05-24 11:03:29,591 [INFO] LogOutputStream:77 - [STDOUT_REDIRECT] 
2026-05-24 11:03:37,002 [INFO] ApplicationProperties:184 - Using Application install path: C:\ST\STM32CubeIDE_1.19.0\STM32CubeIDE\plugins\com.st.stm32cube.common.mx_6.15.0.202507011659
2026-05-24 11:03:37,021 [INFO] DbMcusXml:78 - Set database path to: C:\ST\STM32CubeIDE_1.19.0\STM32CubeIDE\plugins\com.st.stm32cube.common.mx_6.15.0.202507011659\\db\/mcu/
2026-05-24 11:03:37,022 [INFO] ApiDb:274 - Set plugin database path to: C:\ST\STM32CubeIDE_1.19.0\STM32CubeIDE\plugins\com.st.stm32cube.common.mx_6.15.0.202507011659\\db\/plugins/boardmanager/
2026-05-24 11:03:37,031 [WARN] ApiDb:259 - Overriding images path with different value:  => C:\ST\STM32CubeIDE_1.19.0\STM32CubeIDE\plugins\com.st.stm32cube.common.mx_6.15.0.202507011659\\db\/plugins/mcufinder/images/
2026-05-24 11:03:37,042 [INFO] ApiDb:250 - Set database path to: C:\Users\hyunsoo-Oh\.stmcufinder\plugins\mcufinder//mcu/
2026-05-24 11:03:37,044 [INFO] DbMcusAds:125 - Set database path to: C:\Users\hyunsoo-Oh\.stmcufinder\plugins\mcufinder//mcu/
2026-05-24 11:03:37,046 [INFO] CrossReferenceDbSqlite:203 - Set database path to: C:\Users\hyunsoo-Oh\.stmcufinder\plugins\mcufinder//mcu/cs/
2026-05-24 11:03:37,152 [INFO] RulesReader:64 - Compatibility file has been processed (317 Rules)
2026-05-24 11:03:37,248 [INFO] DbMcusXml:78 - Set database path to: C:\ST\STM32CubeIDE_1.19.0\STM32CubeIDE\plugins\com.st.stm32cube.common.mx_6.15.0.202507011659\\db\/mcu/
2026-05-24 11:03:37,248 [INFO] ApiDb:274 - Set plugin database path to: C:\ST\STM32CubeIDE_1.19.0\STM32CubeIDE\plugins\com.st.stm32cube.common.mx_6.15.0.202507011659\\db\/plugins/boardmanager/
2026-05-24 11:03:37,248 [INFO] ApiDb:261 - Set plugin images path to: C:\ST\STM32CubeIDE_1.19.0\STM32CubeIDE\plugins\com.st.stm32cube.common.mx_6.15.0.202507011659\\db\/plugins/mcufinder/images/
2026-05-24 11:03:37,248 [WARN] DbFile:41 - Overriding database path with different value: C:\Users\hyunsoo-Oh\.stmcufinder\plugins\mcufinder/ => C:\Users\hyunsoo-Oh\.stmcufinder\plugins\mcufinder
2026-05-24 11:03:37,248 [INFO] ApiDb:250 - Set database path to: C:\Users\hyunsoo-Oh\.stmcufinder\plugins\mcufinder//mcu/
2026-05-24 11:03:37,248 [WARN] DbFile:41 - Overriding database path with different value: C:\Users\hyunsoo-Oh\.stmcufinder\plugins\mcufinder/ => C:\Users\hyunsoo-Oh\.stmcufinder\plugins\mcufinder
2026-05-24 11:03:37,248 [INFO] DbMcusAds:125 - Set database path to: C:\Users\hyunsoo-Oh\.stmcufinder\plugins\mcufinder//mcu/
2026-05-24 11:03:37,248 [WARN] DbFile:41 - Overriding database path with different value: C:\Users\hyunsoo-Oh\.stmcufinder\plugins\mcufinder/ => C:\Users\hyunsoo-Oh\.stmcufinder\plugins\mcufinder
2026-05-24 11:03:37,248 [WARN] DbFile:41 - Overriding database path with different value: C:\Users\hyunsoo-Oh\.stmcufinder\plugins\mcufinder/ => C:\Users\hyunsoo-Oh\.stmcufinder\plugins\mcufinder
2026-05-24 11:03:37,248 [INFO] CrossReferenceDbSqlite:203 - Set database path to: C:\Users\hyunsoo-Oh\.stmcufinder\plugins\mcufinder//mcu/cs/
2026-05-24 11:03:37,333 [INFO] MainPanel:274 - HeapMemory: 268435456
2026-05-24 11:03:37,436 [INFO] DbMcusXml:78 - Set database path to: C:\ST\STM32CubeIDE_1.19.0\STM32CubeIDE\plugins\com.st.stm32cube.common.mx_6.15.0.202507011659\\db\/mcu/
2026-05-24 11:03:37,436 [INFO] ApiDb:274 - Set plugin database path to: C:\ST\STM32CubeIDE_1.19.0\STM32CubeIDE\plugins\com.st.stm32cube.common.mx_6.15.0.202507011659\\db\/plugins/boardmanager/
2026-05-24 11:03:37,436 [INFO] ApiDb:261 - Set plugin images path to: C:\ST\STM32CubeIDE_1.19.0\STM32CubeIDE\plugins\com.st.stm32cube.common.mx_6.15.0.202507011659\\db\/plugins/mcufinder/images/
2026-05-24 11:03:37,437 [WARN] DbFile:41 - Overriding database path with different value: C:\Users\hyunsoo-Oh\.stmcufinder\plugins\mcufinder/ => C:\Users\hyunsoo-Oh\.stmcufinder\plugins\mcufinder
2026-05-24 11:03:37,437 [INFO] ApiDb:250 - Set database path to: C:\Users\hyunsoo-Oh\.stmcufinder\plugins\mcufinder//mcu/
2026-05-24 11:03:37,437 [WARN] DbFile:41 - Overriding database path with different value: C:\Users\hyunsoo-Oh\.stmcufinder\plugins\mcufinder/ => C:\Users\hyunsoo-Oh\.stmcufinder\plugins\mcufinder
2026-05-24 11:03:37,437 [INFO] DbMcusAds:125 - Set database path to: C:\Users\hyunsoo-Oh\.stmcufinder\plugins\mcufinder//mcu/
2026-05-24 11:03:37,437 [WARN] DbFile:41 - Overriding database path with different value: C:\Users\hyunsoo-Oh\.stmcufinder\plugins\mcufinder/ => C:\Users\hyunsoo-Oh\.stmcufinder\plugins\mcufinder
2026-05-24 11:03:37,437 [WARN] DbFile:41 - Overriding database path with different value: C:\Users\hyunsoo-Oh\.stmcufinder\plugins\mcufinder/ => C:\Users\hyunsoo-Oh\.stmcufinder\plugins\mcufinder
2026-05-24 11:03:37,437 [INFO] CrossReferenceDbSqlite:203 - Set database path to: C:\Users\hyunsoo-Oh\.stmcufinder\plugins\mcufinder//mcu/cs/
2026-05-24 11:03:37,460 [INFO] ApplicationProperties:184 - Using Application install path: C:\ST\STM32CubeIDE_1.19.0\STM32CubeIDE\plugins\com.st.stm32cube.common.mx_6.15.0.202507011659
2026-05-24 11:03:37,461 [INFO] PluginManage:196 - Search for loadable plugins [exclusion list=, ]
2026-05-24 11:03:37,462 [INFO] PluginManage:310 - Check plugin analytics
2026-05-24 11:03:42,570 [INFO] AnalyticsPlugin:253 - Accepted Software Licenses: STM32CubeMX.6.17.0
2026-05-24 11:03:42,570 [INFO] AnalyticsPlugin:255 - Accepted CMSIS Pack Licenses: 
2026-05-24 11:03:42,570 [INFO] AnalyticsPlugin:257 - Accepted Firmware Licenses: FW.H7.1.12.0,FW.F4.1.28.0
2026-05-24 11:03:42,572 [INFO] PluginManage:359 - Loaded plugin analytics (category:tool,tabindex:-1)
2026-05-24 11:03:42,572 [INFO] PluginManage:310 - Check plugin cadmodel
2026-05-24 11:03:42,577 [INFO] CADModel:105 - Init CAD model plugin
2026-05-24 11:03:42,578 [INFO] PluginManage:359 - Loaded plugin cadmodel (category:power,tabindex:5)
2026-05-24 11:03:42,578 [INFO] PluginManage:310 - Check plugin clock
2026-05-24 11:03:42,585 [INFO] PluginManage:359 - Loaded plugin clock (category:base,tabindex:2)
2026-05-24 11:03:42,585 [INFO] PluginManage:310 - Check plugin ddr
2026-05-24 11:03:42,588 [INFO] PluginManage:359 - Loaded plugin ddr (category:tool,tabindex:6)
2026-05-24 11:03:42,588 [INFO] PluginManage:310 - Check plugin filemanager
2026-05-24 11:03:42,733 [INFO] PluginManage:359 - Loaded plugin filemanager (category:base,tabindex:10)
2026-05-24 11:03:42,733 [INFO] PluginManage:310 - Check plugin ipmanager
2026-05-24 11:03:42,743 [INFO] PluginManage:359 - Loaded plugin ipmanager (category:base,tabindex:5)
2026-05-24 11:03:42,744 [INFO] PluginManage:310 - Check plugin lpbam
2026-05-24 11:03:42,752 [INFO] PluginManage:359 - Loaded plugin lpbam (category:base,tabindex:0)
2026-05-24 11:03:42,753 [INFO] PluginManage:310 - Check plugin memorymap
2026-05-24 11:03:42,766 [INFO] PluginManage:359 - Loaded plugin memorymap (category:base,tabindex:4)
2026-05-24 11:03:42,766 [INFO] PluginManage:310 - Check plugin pinoutandconfiguration
2026-05-24 11:03:42,776 [INFO] PluginManage:359 - Loaded plugin pinoutandconfiguration (category:base,tabindex:1)
2026-05-24 11:03:42,776 [INFO] PluginManage:310 - Check plugin pinoutconfig
2026-05-24 11:03:42,852 [WARN] SupportedApi:132 - Cannot load RTOS API schema: s4s-elt-must-match.1: The content of 'definitions' must match (annotation?, (simpleType | complexType)?, (unique | key | keyref)*)). A problem was found starting at: attribute.
2026-05-24 11:03:42,967 [INFO] PluginManage:359 - Loaded plugin pinoutconfig (category:base,tabindex:0)
2026-05-24 11:03:42,967 [INFO] PluginManage:310 - Check plugin power
2026-05-24 11:03:42,975 [INFO] PluginManage:359 - Loaded plugin power (category:power,tabindex:4)
2026-05-24 11:03:42,975 [INFO] PluginManage:310 - Check plugin projectmanager
2026-05-24 11:03:42,991 [INFO] PluginManage:359 - Loaded plugin projectmanager (category:projectmanager,tabindex:4)
2026-05-24 11:03:42,991 [INFO] PluginManage:310 - Check plugin rif
2026-05-24 11:03:43,001 [INFO] PluginManage:359 - Loaded plugin rif (category:base,tabindex:3)
2026-05-24 11:03:43,001 [INFO] PluginManage:310 - Check plugin thirdparty
2026-05-24 11:03:43,138 [INFO] PluginManage:359 - Loaded plugin thirdparty (category:base,tabindex:-1)
2026-05-24 11:03:43,139 [INFO] PluginManage:310 - Check plugin tools
2026-05-24 11:03:43,138 [WARN] IntegrityCheckThread:84 - waiting for thirdparty lock release [integrity check]
2026-05-24 11:03:43,139 [INFO] IntegrityCheckThread:86 - entering critical section [integrity check]
2026-05-24 11:03:43,139 [INFO] ThirdPartyUpdaterWithRetryManager:70 - Updater plugin not ready yet. [1/15]
2026-05-24 11:03:43,141 [INFO] PluginManage:359 - Loaded plugin tools (category:base,tabindex:7)
2026-05-24 11:03:43,141 [INFO] PluginManage:310 - Check plugin tutovideos
2026-05-24 11:03:43,306 [INFO] PluginManage:359 - Loaded plugin tutovideos (category:base,tabindex:-1)
2026-05-24 11:03:43,307 [INFO] PluginManage:310 - Check plugin updater
2026-05-24 11:03:43,323 [INFO] PluginManage:359 - Loaded plugin updater (category:base,tabindex:12)
2026-05-24 11:03:43,324 [INFO] PluginManage:310 - Check plugin userauth
2026-05-24 11:03:43,327 [INFO] UserAuth:118 - Init User Auth plugin
2026-05-24 11:03:43,328 [INFO] PluginManage:359 - Loaded plugin userauth (category:base,tabindex:14)
2026-05-24 11:03:43,328 [INFO] PluginManage:283 - PluginManage : Loaded plugins [18]
2026-05-24 11:03:43,539 [INFO] PinOutPanel:1589 - setPackage(No Configuration,No Configuration)
2026-05-24 11:03:43,626 [INFO] CADModel:165 - CPN selected for project level
2026-05-24 11:03:43,626 [INFO] CADModel:114 - Register for checkConnection events
2026-05-24 11:03:43,647 [INFO] IPUIPlugin:80 - create IPUIPlugin
2026-05-24 11:03:43,647 [INFO] PluginManager:220 - loadIPPluginJar : add adc
2026-05-24 11:03:43,651 [INFO] IPUIPlugin:80 - create IPUIPlugin
2026-05-24 11:03:43,651 [INFO] PluginManager:220 - loadIPPluginJar : add aes
2026-05-24 11:03:43,655 [INFO] IPUIPlugin:80 - create IPUIPlugin
2026-05-24 11:03:43,656 [INFO] PluginManager:220 - loadIPPluginJar : add can
2026-05-24 11:03:43,659 [INFO] IPUIPlugin:80 - create IPUIPlugin
2026-05-24 11:03:43,659 [INFO] PluginManager:220 - loadIPPluginJar : add comp
2026-05-24 11:03:43,663 [INFO] IPUIPlugin:80 - create IPUIPlugin
2026-05-24 11:03:43,663 [INFO] PluginManager:220 - loadIPPluginJar : add cryp
2026-05-24 11:03:43,667 [INFO] IPUIPlugin:80 - create IPUIPlugin
2026-05-24 11:03:43,667 [INFO] PluginManager:220 - loadIPPluginJar : add ddr_ctrl_phy
2026-05-24 11:03:43,670 [INFO] IPUIPlugin:80 - create IPUIPlugin
2026-05-24 11:03:43,670 [INFO] PluginManager:220 - loadIPPluginJar : add dfsdm
2026-05-24 11:03:43,676 [INFO] IPUIPlugin:80 - create IPUIPlugin
2026-05-24 11:03:43,677 [INFO] PluginManager:220 - loadIPPluginJar : add dma
2026-05-24 11:03:43,679 [INFO] IPUIPlugin:80 - create IPUIPlugin
2026-05-24 11:03:43,679 [INFO] PluginManager:220 - loadIPPluginJar : add dma3
2026-05-24 11:03:43,682 [INFO] IPUIPlugin:80 - create IPUIPlugin
2026-05-24 11:03:43,682 [INFO] PluginManager:220 - loadIPPluginJar : add extmemmanager
2026-05-24 11:03:43,683 [INFO] IPUIPlugin:80 - create IPUIPlugin
2026-05-24 11:03:43,683 [INFO] PluginManager:220 - loadIPPluginJar : add fatfs
2026-05-24 11:03:43,688 [INFO] IPUIPlugin:80 - create IPUIPlugin
2026-05-24 11:03:43,688 [INFO] PluginManager:220 - loadIPPluginJar : add fmc
2026-05-24 11:03:43,693 [INFO] IPUIPlugin:80 - create IPUIPlugin
2026-05-24 11:03:43,694 [INFO] PluginManager:220 - loadIPPluginJar : add freertos
2026-05-24 11:03:43,695 [INFO] IPUIPlugin:80 - create IPUIPlugin
2026-05-24 11:03:43,695 [INFO] PluginManager:220 - loadIPPluginJar : add genericplugin
2026-05-24 11:03:43,697 [INFO] IPUIPlugin:80 - create IPUIPlugin
2026-05-24 11:03:43,698 [INFO] PluginManager:220 - loadIPPluginJar : add gfxmmu
2026-05-24 11:03:43,702 [INFO] IPUIPlugin:80 - create IPUIPlugin
2026-05-24 11:03:43,702 [INFO] PluginManager:220 - loadIPPluginJar : add gic
2026-05-24 11:03:43,707 [INFO] IPUIPlugin:80 - create IPUIPlugin
2026-05-24 11:03:43,707 [INFO] PluginManager:220 - loadIPPluginJar : add gpio
2026-05-24 11:03:43,711 [INFO] IPUIPlugin:80 - create IPUIPlugin
2026-05-24 11:03:43,712 [INFO] PluginManager:220 - loadIPPluginJar : add gtzc
2026-05-24 11:03:43,714 [INFO] IPUIPlugin:80 - create IPUIPlugin
2026-05-24 11:03:43,714 [INFO] PluginManager:220 - loadIPPluginJar : add hash
2026-05-24 11:03:43,717 [INFO] IPUIPlugin:80 - create IPUIPlugin
2026-05-24 11:03:43,717 [INFO] PluginManager:220 - loadIPPluginJar : add i2c
2026-05-24 11:03:43,720 [INFO] IPUIPlugin:80 - create IPUIPlugin
2026-05-24 11:03:43,720 [INFO] PluginManager:220 - loadIPPluginJar : add i2s
2026-05-24 11:03:43,723 [INFO] IPUIPlugin:80 - create IPUIPlugin
2026-05-24 11:03:43,723 [INFO] PluginManager:220 - loadIPPluginJar : add i3c
2026-05-24 11:03:43,728 [INFO] IPUIPlugin:80 - create IPUIPlugin
2026-05-24 11:03:43,728 [INFO] PluginManager:220 - loadIPPluginJar : add ipddr
2026-05-24 11:03:43,736 [INFO] IPUIPlugin:80 - create IPUIPlugin
2026-05-24 11:03:43,736 [INFO] PluginManager:220 - loadIPPluginJar : add linkedlist
2026-05-24 11:03:43,740 [INFO] IPUIPlugin:80 - create IPUIPlugin
2026-05-24 11:03:43,741 [INFO] PluginManager:220 - loadIPPluginJar : add lorawan
2026-05-24 11:03:43,742 [INFO] IPUIPlugin:80 - create IPUIPlugin
2026-05-24 11:03:43,742 [INFO] PluginManager:220 - loadIPPluginJar : add ltdc
2026-05-24 11:03:43,747 [INFO] IPUIPlugin:80 - create IPUIPlugin
2026-05-24 11:03:43,747 [INFO] PluginManager:220 - loadIPPluginJar : add mdma
2026-05-24 11:03:43,753 [INFO] IPUIPlugin:80 - create IPUIPlugin
2026-05-24 11:03:43,753 [INFO] PluginManager:220 - loadIPPluginJar : add nvic
2026-05-24 11:03:43,757 [INFO] IPUIPlugin:80 - create IPUIPlugin
2026-05-24 11:03:43,757 [INFO] PluginManager:220 - loadIPPluginJar : add opamp
2026-05-24 11:03:43,760 [INFO] IPUIPlugin:80 - create IPUIPlugin
2026-05-24 11:03:43,761 [INFO] PluginManager:220 - loadIPPluginJar : add openamp
2026-05-24 11:03:43,763 [INFO] IPUIPlugin:80 - create IPUIPlugin
2026-05-24 11:03:43,764 [INFO] PluginManager:220 - loadIPPluginJar : add pdm2pcm
2026-05-24 11:03:43,769 [INFO] IPUIPlugin:80 - create IPUIPlugin
2026-05-24 11:03:43,771 [INFO] PluginManager:220 - loadIPPluginJar : add plateformsettings
2026-05-24 11:03:43,773 [INFO] IPUIPlugin:80 - create IPUIPlugin
2026-05-24 11:03:43,773 [INFO] PluginManager:220 - loadIPPluginJar : add quadspi
2026-05-24 11:03:43,776 [INFO] IPUIPlugin:80 - create IPUIPlugin
2026-05-24 11:03:43,777 [INFO] PluginManager:220 - loadIPPluginJar : add radio
2026-05-24 11:03:43,780 [INFO] IPUIPlugin:80 - create IPUIPlugin
2026-05-24 11:03:43,781 [INFO] PluginManager:220 - loadIPPluginJar : add resmgrutility
2026-05-24 11:03:43,784 [INFO] IPUIPlugin:80 - create IPUIPlugin
2026-05-24 11:03:43,784 [INFO] PluginManager:220 - loadIPPluginJar : add sai
2026-05-24 11:03:43,786 [INFO] IPUIPlugin:80 - create IPUIPlugin
2026-05-24 11:03:43,786 [INFO] PluginManager:220 - loadIPPluginJar : add spi
2026-05-24 11:03:43,791 [INFO] IPUIPlugin:80 - create IPUIPlugin
2026-05-24 11:03:43,791 [INFO] PluginManager:220 - loadIPPluginJar : add stm32_wpan
2026-05-24 11:03:43,794 [INFO] IPUIPlugin:80 - create IPUIPlugin
2026-05-24 11:03:43,794 [INFO] PluginManager:220 - loadIPPluginJar : add tim
2026-05-24 11:03:43,797 [INFO] IPUIPlugin:80 - create IPUIPlugin
2026-05-24 11:03:43,797 [INFO] PluginManager:220 - loadIPPluginJar : add touchsensing
2026-05-24 11:03:43,800 [INFO] IPUIPlugin:80 - create IPUIPlugin
2026-05-24 11:03:43,800 [INFO] PluginManager:220 - loadIPPluginJar : add tracer_emb
2026-05-24 11:03:43,801 [INFO] IPUIPlugin:80 - create IPUIPlugin
2026-05-24 11:03:43,802 [INFO] PluginManager:220 - loadIPPluginJar : add ts
2026-05-24 11:03:43,803 [INFO] IPUIPlugin:80 - create IPUIPlugin
2026-05-24 11:03:43,803 [INFO] PluginManager:220 - loadIPPluginJar : add tsc
2026-05-24 11:03:43,805 [INFO] IPUIPlugin:80 - create IPUIPlugin
2026-05-24 11:03:43,806 [INFO] PluginManager:220 - loadIPPluginJar : add ucpd
2026-05-24 11:03:43,808 [INFO] IPUIPlugin:80 - create IPUIPlugin
2026-05-24 11:03:43,808 [INFO] PluginManager:220 - loadIPPluginJar : add usart
2026-05-24 11:03:43,812 [INFO] IPUIPlugin:80 - create IPUIPlugin
2026-05-24 11:03:43,812 [INFO] PluginManager:220 - loadIPPluginJar : add usbx
2026-05-24 11:03:43,932 [FATAL] Updater:351 - Updater called before beeing initialized
2026-05-24 11:03:43,954 [INFO] RulesReader:64 - Compatibility file has been processed (317 Rules)
2026-05-24 11:03:43,963 [INFO] RulesReader:64 - Compatibility file has been processed (317 Rules)
2026-05-24 11:03:43,974 [INFO] CADModel:165 - CPN selected for project level
2026-05-24 11:03:43,974 [INFO] CADModel:114 - Register for checkConnection events
2026-05-24 11:03:43,974 [FATAL] Updater:351 - Updater called before beeing initialized
2026-05-24 11:03:43,974 [ERROR] CADModel:125 - Updater not yet initialized, retry later 
2026-05-24 11:03:44,133 [FATAL] Updater:351 - Updater called before beeing initialized
2026-05-24 11:03:44,135 [INFO] CADModel:165 - CPN selected for project level
2026-05-24 11:03:44,135 [INFO] CADModel:114 - Register for checkConnection events
2026-05-24 11:03:44,135 [FATAL] Updater:351 - Updater called before beeing initialized
2026-05-24 11:03:44,135 [ERROR] CADModel:125 - Updater not yet initialized, retry later 
2026-05-24 11:03:44,138 [FATAL] Updater:351 - Updater called before beeing initialized
2026-05-24 11:03:44,261 [FATAL] Updater:351 - Updater called before beeing initialized
2026-05-24 11:03:44,264 [INFO] DbMcusAds:53 - JSON generation date=Mon Apr 27 17:14:29 KST 2026 (1777277669924)
2026-05-24 11:03:44,265 [FATAL] Updater:351 - Updater called before beeing initialized
2026-05-24 11:03:44,301 [WARN] DetailPanel:346 - Failed to get advertising image, set to default
2026-05-24 11:03:44,403 [FATAL] Updater:351 - Updater called before beeing initialized
2026-05-24 11:03:44,405 [FATAL] Updater:351 - Updater called before beeing initialized
2026-05-24 11:03:44,406 [FATAL] Updater:351 - Updater called before beeing initialized
2026-05-24 11:03:44,406 [WARN] DetailPanel:346 - Failed to get advertising image, set to default
2026-05-24 11:03:44,407 [FATAL] Updater:351 - Updater called before beeing initialized
2026-05-24 11:03:44,468 [ERROR] Updater:1198 - MainUpdater not yet initialized. External WinMGr cannot be set.
2026-05-24 11:03:44,470 [INFO] Updater:1134 - Updater Version found : 6.15.0
2026-05-24 11:03:44,491 [INFO] ApplicationProperties:184 - Using Application install path: C:\ST\STM32CubeIDE_1.19.0\STM32CubeIDE\plugins\com.st.stm32cube.common.mx_6.15.0.202507011659
2026-05-24 11:03:46,070 [ERROR] LogOutputStream:75 - [STDERR_REDIRECT] May 24, 2026 11:03:46 AM java.util.prefs.WindowsPreferences <init>
2026-05-24 11:03:46,071 [ERROR] LogOutputStream:75 - [STDERR_REDIRECT] WARNING: Could not open/create prefs root node Software\JavaSoft\Prefs at root 0xffffffff80000002. Windows RegCreateKeyEx(...) returned error code 5.
2026-05-24 11:03:46,071 [ERROR] LogOutputStream:75 - [STDERR_REDIRECT] 
2026-05-24 11:03:46,140 [INFO] ThirdPartyUpdaterWithRetryManager:70 - Updater plugin not ready yet. [2/15]
2026-05-24 11:03:46,905 [INFO] MainUpdater:2872 - connection check result : 10
2026-05-24 11:03:46,906 [INFO] MainUpdater:289 - Updater Check For Update Now.
2026-05-24 11:03:46,906 [INFO] MicroXplorer:498 - Change Database Version : DB.6.0.150
2026-05-24 11:03:46,911 [INFO] McuFinderGlobals:63 - Set McuFinder mode to 2 (CubeIDE integrated)
2026-05-24 11:03:46,913 [INFO] UserAuth:487 - Internet connection configuration mode: 1
2026-05-24 11:03:46,940 [INFO] JxBrowserEngine:152 - Initiate JxBrowser Engine with user profile folder
2026-05-24 11:03:47,070 [INFO] CheckServerUpdateThread:120 - End of CheckServer Thread
2026-05-24 11:03:49,080 [INFO] WebApp:169 - Instantiating new browser for Auth
2026-05-24 11:03:49,443 [WARN] PackLoader:240 - Cannot read IP mode file for STMicroelectronics.X-CUBE-AZRTOS-H7.3.5.0
2026-05-24 11:03:49,457 [WARN] PackLoader:240 - Cannot read IP mode file for STMicroelectronics.FP-ATR-ASTRA1.2.0.2
2026-05-24 11:03:49,467 [WARN] PackLoader:240 - Cannot read IP mode file for STMicroelectronics.X-CUBE-SMBUS.2.1.0
2026-05-24 11:03:49,482 [WARN] PackLoader:240 - Cannot read IP mode file for STMicroelectronics.X-CUBE-AZRTOS-F7.1.1.0
2026-05-24 11:03:49,493 [WARN] PackLoader:240 - Cannot read IP mode file for STMicroelectronics.FP-SNS-MOTENV1.5.1.0
2026-05-24 11:03:49,505 [WARN] PackLoader:240 - Cannot read IP mode file for WES.I-CUBE-Cesium.1.4.0
2026-05-24 11:03:49,513 [WARN] PackLoader:240 - Cannot read IP mode file for STMicroelectronics.X-CUBE-DISPLAY.3.0.0
2026-05-24 11:03:49,526 [WARN] PackLoader:240 - Cannot read IP mode file for STMicroelectronics.X-CUBE-GNSS1.7.1.1
2026-05-24 11:03:49,532 [WARN] PackLoader:240 - Cannot read IP mode file for STMicroelectronics.FP-SNS-MOTENVWB1.1.5.0
2026-05-24 11:03:49,539 [WARN] PackLoader:240 - Cannot read IP mode file for wolfSSL.I-CUBE-wolfSSL.5.9.1
2026-05-24 11:03:49,544 [WARN] PackLoader:240 - Cannot read IP mode file for STMicroelectronics.X-CUBE-NFC10.1.0.0
2026-05-24 11:03:49,551 [WARN] PackLoader:240 - Cannot read IP mode file for STMicroelectronics.X-CUBE-ST60.1.1.0
2026-05-24 11:03:49,558 [WARN] PackLoader:240 - Cannot read IP mode file for emotas.I-CUBE-CANOPEN.1.3.0
2026-05-24 11:03:49,563 [WARN] PackLoader:240 - Cannot read IP mode file for STMicroelectronics.X-CUBE-GNSS1.7.1.0
2026-05-24 11:03:49,570 [WARN] PackLoader:240 - Cannot read IP mode file for STMicroelectronics.FP-SNS-STBOX1.2.1.0
2026-05-24 11:03:49,576 [WARN] PackLoader:240 - Cannot read IP mode file for STMicroelectronics.FP-SNS-SMARTAG2.1.2.0
2026-05-24 11:03:49,580 [WARN] PackLoader:240 - Cannot read IP mode file for STMicroelectronics.FP-SNS-FLIGHT1.5.1.0
2026-05-24 11:03:49,587 [INFO] LogOutputStream:77 - [STDOUT_REDIRECT] 1 : Invalid condition id : UX_CORESTACK_Condition cause : null
2026-05-24 11:03:49,588 [INFO] LogOutputStream:77 - [STDOUT_REDIRECT] 1 : Invalid condition id : UX_CORESTACK_Condition cause : null
2026-05-24 11:03:49,590 [INFO] LogOutputStream:77 - [STDOUT_REDIRECT] 1 : Invalid condition id : UX_CORESTACK_Condition cause : null
2026-05-24 11:03:49,591 [INFO] LogOutputStream:77 - [STDOUT_REDIRECT] 1 : Invalid condition id : UX_CORESTACK_Condition cause : null
2026-05-24 11:03:49,591 [INFO] LogOutputStream:77 - [STDOUT_REDIRECT] 1 : Invalid condition id : UX_CORESTACK_Condition cause : null
2026-05-24 11:03:49,592 [WARN] PackLoader:240 - Cannot read IP mode file for STMicroelectronics.X-CUBE-AZRTOS-WL.2.0.0
2026-05-24 11:03:49,605 [WARN] PackLoader:240 - Cannot read IP mode file for STMicroelectronics.X-CUBE-AZRTOS-H7RS.1.2.0
2026-05-24 11:03:49,611 [WARN] PackLoader:240 - Cannot read IP mode file for STMicroelectronics.X-CUBE-BLE2.3.3.0
2026-05-24 11:03:49,639 [WARN] PackLoader:240 - Cannot read IP mode file for Infineon.AIROC-Wi-Fi-Bluetooth-STM32.1.8.0
2026-05-24 11:03:49,647 [WARN] PackLoader:240 - Cannot read IP mode file for STMicroelectronics.X-CUBE-NFC9.1.0.0
2026-05-24 11:03:49,654 [WARN] PackLoader:240 - Cannot read IP mode file for STMicroelectronics.X-CUBE-BLE1.7.1.0
2026-05-24 11:03:49,661 [WARN] PackLoader:240 - Cannot read IP mode file for wolfSSL.I-CUBE-wolfMQTT.1.19.2
2026-05-24 11:03:49,677 [WARN] PackLoader:240 - Cannot read IP mode file for STMicroelectronics.X-CUBE-EEPRMA1.5.2.0
2026-05-24 11:03:49,684 [WARN] PackLoader:240 - Cannot read IP mode file for STMicroelectronics.FP-SNS-STAIOTCFT.1.1.0
2026-05-24 11:03:49,713 [WARN] PackLoader:240 - Cannot read IP mode file for STMicroelectronics.X-CUBE-MEMS1.12.0.0
2026-05-24 11:03:49,777 [WARN] PackLoader:240 - Cannot read IP mode file for STMicroelectronics.X-CUBE-AZRTOS-G0.1.1.0
2026-05-24 11:03:49,786 [WARN] PackLoader:240 - Cannot read IP mode file for STMicroelectronics.X-CUBE-NFC4.3.0.0
2026-05-24 11:03:49,798 [WARN] PackLoader:240 - Cannot read IP mode file for EmbeddedOffice.I-CUBE-FS-RTOS.1.0.1
2026-05-24 11:03:49,807 [WARN] PackLoader:240 - Cannot read IP mode file for wolfSSL.I-CUBE-wolfTPM.3.8.0
2026-05-24 11:03:49,820 [WARN] PackLoader:240 - Cannot read IP mode file for STMicroelectronics.X-CUBE-TCPP.4.2.0
2026-05-24 11:03:49,836 [WARN] PackLoader:240 - Cannot read IP mode file for RealThread.X-CUBE-RT-Thread_Nano.4.1.1
2026-05-24 11:03:49,843 [WARN] PackLoader:240 - Cannot read IP mode file for STMicroelectronics.FP-ATR-SIGFOX1.3.2.0
2026-05-24 11:03:49,852 [WARN] PackLoader:240 - Cannot read IP mode file for STMicroelectronics.X-CUBE-FREERTOS.1.5.0
2026-05-24 11:03:49,862 [WARN] PackLoader:240 - Cannot read IP mode file for ITTIA_DB.I-CUBE-ITTIADB.8.9.0
2026-05-24 11:03:49,871 [WARN] PackLoader:240 - Cannot read IP mode file for STMicroelectronics.X-CUBE-NFC6.3.2.0
2026-05-24 11:03:49,879 [WARN] PackLoader:240 - Cannot read IP mode file for Cesanta.I-CUBE-Mongoose.7.21.5
2026-05-24 11:03:49,886 [WARN] PackLoader:240 - Cannot read IP mode file for STMicroelectronics.X-CUBE-AI.10.2.0
2026-05-24 11:03:49,928 [WARN] PackLoader:240 - Cannot read IP mode file for STMicroelectronics.X-CUBE-MEMS1.12.1.0
2026-05-24 11:03:50,032 [WARN] PackLoader:240 - Cannot read IP mode file for SEGGER.I-CUBE-embOS.1.3.1
2026-05-24 11:03:50,047 [INFO] WebApp:463 - Apply proxy settings
2026-05-24 11:03:50,047 [INFO] WebApp:548 - Chromium requires no authentication
2026-05-24 11:03:50,065 [WARN] PackLoader:240 - Cannot read IP mode file for STMicroelectronics.X-CUBE-ALGOBUILD.1.4.0
2026-05-24 11:03:50,070 [WARN] PackLoader:240 - Cannot read IP mode file for STMicroelectronics.X-CUBE-PM33A1.1.0.0
2026-05-24 11:03:50,077 [INFO] WebApp:491 - Direct internet connection detected
2026-05-24 11:03:50,080 [WARN] PackLoader:240 - Cannot read IP mode file for STMicroelectronics.X-CUBE-AZRTOS-F4.1.1.0
2026-05-24 11:03:50,088 [WARN] PackLoader:240 - Cannot read IP mode file for STMicroelectronics.X-CUBE-ISPU.2.1.0
2026-05-24 11:03:50,098 [WARN] PackLoader:240 - Cannot read IP mode file for STMicroelectronics.X-CUBE-IPS.3.2.0
2026-05-24 11:03:50,116 [WARN] PackLoader:240 - Cannot read IP mode file for STMicroelectronics.eDS-WB_DPC_TT-BIDIR.2.1.1
2026-05-24 11:03:50,121 [WARN] PackLoader:240 - Cannot read IP mode file for STMicroelectronics.X-CUBE-NFC12.1.0.0
2026-05-24 11:03:50,131 [WARN] PackLoader:240 - Cannot read IP mode file for STMicroelectronics.X-CUBE-AZRTOS-L5.2.0.0
2026-05-24 11:03:50,136 [WARN] PackLoader:240 - Cannot read IP mode file for STMicroelectronics.X-CUBE-ALGOBUILD.1.5.0
2026-05-24 11:03:50,143 [WARN] PackLoader:240 - Cannot read IP mode file for STMicroelectronics.eDS-WB_DPC_VIENNA.1.2.0
2026-05-24 11:03:50,147 [WARN] PackLoader:240 - Cannot read IP mode file for STMicroelectronics.eDS-WB_DPC_3PH2L-BIDIR.1.1.1
2026-05-24 11:03:50,152 [ERROR] Engine:466 - C:\Users\hyunsoo-Oh\.stm32cubemx\thirdparties\pdsc\STMicroelectronics.X-CUBE-ST67W61.1.3.0.pdsc: PDSC version is not supported
2026-05-24 11:03:50,157 [WARN] PackLoader:240 - Cannot read IP mode file for STMicroelectronics.X-CUBE-TOUCHGFX.4.26.1
2026-05-24 11:03:50,162 [INFO] WebApp:900 - Register for checkConnection events
2026-05-24 11:03:50,162 [INFO] WebApp:463 - Apply proxy settings
2026-05-24 11:03:50,162 [INFO] WebApp:548 - Chromium requires no authentication
2026-05-24 11:03:50,163 [INFO] WebApp:491 - Direct internet connection detected
2026-05-24 11:03:50,165 [WARN] PackLoader:240 - Cannot read IP mode file for STMicroelectronics.X-CUBE-DPower.1.3.0
2026-05-24 11:03:50,177 [WARN] ConditionMgr:438 - getConditionDescription Invalid condition id : LAN8742 Phy interface Condition cause : null
2026-05-24 11:03:50,178 [WARN] PackLoader:240 - Cannot read IP mode file for STMicroelectronics.X-CUBE-AZRTOS-L4.2.0.0
2026-05-24 11:03:50,179 [WARN] ConditionMgr:1044 - genDependencies : Invalid condition id : LAN8742 Phy interface Condition cause : null
2026-05-24 11:03:50,179 [WARN] ConditionMgr:1044 - genDependencies : Invalid condition id : LAN8742 Phy interface Condition cause : null
2026-05-24 11:03:50,179 [WARN] ConditionMgr:1044 - genDependencies : Invalid condition id : LAN8742 Phy interface Condition cause : null
2026-05-24 11:03:50,188 [WARN] PackLoader:240 - Cannot read IP mode file for STMicroelectronics.X-CUBE-SFXS2LP1.4.0.0
2026-05-24 11:03:50,196 [WARN] PackLoader:240 - Cannot read IP mode file for STMicroelectronics.X-CUBE-WB05N.2.1.0
2026-05-24 11:03:50,203 [WARN] PackLoader:240 - Cannot read IP mode file for STMicroelectronics.X-CUBE-BLEMGR.4.1.0
2026-05-24 11:03:50,213 [WARN] ConditionMgr:438 - getConditionDescription Invalid condition id : UX DEVICE CLASS RTOS Condition cause : null
2026-05-24 11:03:50,213 [WARN] ConditionMgr:438 - getConditionDescription Invalid condition id : UX DEVICE CLASS RTOS Condition cause : null
2026-05-24 11:03:50,215 [WARN] PackLoader:240 - Cannot read IP mode file for STMicroelectronics.X-CUBE-AZRTOS-WB.2.0.0
2026-05-24 11:03:50,215 [WARN] ConditionMgr:1044 - genDependencies : Invalid condition id : UX DEVICE CLASS RTOS Condition cause : null
2026-05-24 11:03:50,215 [WARN] ConditionMgr:1044 - genDependencies : Invalid condition id : UX DEVICE CLASS RTOS Condition cause : null
2026-05-24 11:03:50,215 [WARN] ConditionMgr:1044 - genDependencies : Invalid condition id : UX DEVICE CLASS RTOS Condition cause : null
2026-05-24 11:03:50,216 [WARN] ConditionMgr:1044 - genDependencies : Invalid condition id : UX DEVICE CLASS RTOS Condition cause : null
2026-05-24 11:03:50,216 [WARN] ConditionMgr:1044 - genDependencies : Invalid condition id : UX DEVICE CLASS RTOS Condition cause : null
2026-05-24 11:03:50,220 [WARN] ConditionMgr:438 - getConditionDescription Invalid condition id : Cortex-A Device cause : null
2026-05-24 11:03:50,227 [WARN] ConditionMgr:1044 - genDependencies : Invalid condition id : Cortex-A Device cause : null
2026-05-24 11:03:50,227 [WARN] ConditionMgr:1044 - genDependencies : Invalid condition id : Cortex-A Device cause : null
2026-05-24 11:03:50,227 [WARN] ConditionMgr:1044 - genDependencies : Invalid condition id : Cortex-A Device cause : null
2026-05-24 11:03:50,233 [WARN] PackLoader:240 - Cannot read IP mode file for STMicroelectronics.X-CUBE-STSE01.2.0.0
2026-05-24 11:03:50,241 [WARN] PackLoader:240 - Cannot read IP mode file for STMicroelectronics.X-CUBE-SUBG2.5.0.0
2026-05-24 11:03:50,252 [WARN] PackLoader:240 - Cannot read IP mode file for STMicroelectronics.X-CUBE-AZRTOS-G4.2.0.0
2026-05-24 11:03:50,258 [WARN] PackLoader:240 - Cannot read IP mode file for wolfSSL.I-CUBE-wolfSSH.1.4.20
2026-05-24 11:03:50,263 [WARN] PackLoader:240 - Cannot read IP mode file for STMicroelectronics.X-CUBE-NFC7.2.0.0
2026-05-24 11:03:50,268 [WARN] PackLoader:240 - Cannot read IP mode file for STMicroelectronics.X-CUBE-ALS.1.0.2
2026-05-24 11:03:50,278 [WARN] PackLoader:240 - Cannot read IP mode file for STMicroelectronics.X-CUBE-TOF1.3.4.3
2026-05-24 11:03:50,288 [INFO] ThirdParty:978 - Integrity check success = true
2026-05-24 11:03:50,288 [INFO] IntegrityCheckThread:100 - exiting critical section [integrity check]
2026-05-24 11:03:50,288 [INFO] IntegrityCheckThread:103 - End integrity checks thread
2026-05-24 11:03:50,402 [INFO] WebApp:191 - Connection restablished
2026-05-24 11:03:50,505 [INFO] WebApp:225 - Starting web application
2026-05-24 11:03:50,505 [INFO] WebApp:593 - Web application path used C:\ST\STM32CubeIDE_1.19.0\STM32CubeIDE\plugins\com.st.stm32cube.common.mx_6.15.0.202507011659\db\plugins\mcufinder\reactClient1\index.html
2026-05-24 11:03:50,598 [INFO] UserAuth:487 - Internet connection configuration mode: 1
2026-05-24 11:03:50,903 [ERROR] LogOutputStream:75 - [STDERR_REDIRECT] [Fatal Error] :1:1: Premature end of file.
2026-05-24 11:03:50,903 [ERROR] LogOutputStream:75 - [STDERR_REDIRECT] 
2026-05-24 11:03:51,687 [ERROR] LogOutputStream:75 - [STDERR_REDIRECT] [Fatal Error] :1:1: Premature end of file.
2026-05-24 11:03:51,694 [ERROR] LogOutputStream:75 - [STDERR_REDIRECT] 
2026-05-24 11:03:52,682 [ERROR] LogOutputStream:75 - [STDERR_REDIRECT] [Fatal Error] :1:1: Premature end of file.
2026-05-24 11:03:52,682 [ERROR] LogOutputStream:75 - [STDERR_REDIRECT] 
2026-05-24 11:03:53,684 [ERROR] LogOutputStream:75 - [STDERR_REDIRECT] [Fatal Error] :1:1: Premature end of file.
2026-05-24 11:03:53,684 [ERROR] LogOutputStream:75 - [STDERR_REDIRECT] 
2026-05-24 11:03:54,687 [ERROR] LogOutputStream:75 - [STDERR_REDIRECT] [Fatal Error] :1:1: Premature end of file.
2026-05-24 11:03:54,688 [ERROR] LogOutputStream:75 - [STDERR_REDIRECT] 
2026-05-24 11:03:55,688 [ERROR] LogOutputStream:75 - [STDERR_REDIRECT] [Fatal Error] :1:1: Premature end of file.
2026-05-24 11:03:55,688 [ERROR] LogOutputStream:75 - [STDERR_REDIRECT] 
2026-05-24 11:03:56,683 [ERROR] LogOutputStream:75 - [STDERR_REDIRECT] [Fatal Error] :1:1: Premature end of file.
2026-05-24 11:03:56,683 [ERROR] LogOutputStream:75 - [STDERR_REDIRECT] 
2026-05-24 11:03:57,686 [ERROR] LogOutputStream:75 - [STDERR_REDIRECT] [Fatal Error] :1:1: Premature end of file.
2026-05-24 11:03:57,686 [ERROR] LogOutputStream:75 - [STDERR_REDIRECT] 
2026-05-24 11:03:58,683 [ERROR] LogOutputStream:75 - [STDERR_REDIRECT] [Fatal Error] :1:1: Premature end of file.
2026-05-24 11:03:58,684 [ERROR] LogOutputStream:75 - [STDERR_REDIRECT] 
2026-05-24 11:03:59,685 [ERROR] LogOutputStream:75 - [STDERR_REDIRECT] [Fatal Error] :1:1: Premature end of file.
2026-05-24 11:03:59,685 [ERROR] LogOutputStream:75 - [STDERR_REDIRECT] 
2026-05-24 11:04:00,685 [ERROR] LogOutputStream:75 - [STDERR_REDIRECT] [Fatal Error] :1:1: Premature end of file.
2026-05-24 11:04:00,685 [ERROR] LogOutputStream:75 - [STDERR_REDIRECT] 
2026-05-24 11:04:01,685 [ERROR] LogOutputStream:75 - [STDERR_REDIRECT] [Fatal Error] :1:1: Premature end of file.
2026-05-24 11:04:01,685 [ERROR] LogOutputStream:75 - [STDERR_REDIRECT] 
2026-05-24 11:04:02,681 [ERROR] LogOutputStream:75 - [STDERR_REDIRECT] [Fatal Error] :1:1: Premature end of file.
2026-05-24 11:04:02,681 [ERROR] LogOutputStream:75 - [STDERR_REDIRECT] 
2026-05-24 11:04:03,687 [ERROR] LogOutputStream:75 - [STDERR_REDIRECT] [Fatal Error] :1:1: Premature end of file.
2026-05-24 11:04:03,688 [ERROR] LogOutputStream:75 - [STDERR_REDIRECT] 
2026-05-24 11:04:04,683 [ERROR] LogOutputStream:75 - [STDERR_REDIRECT] [Fatal Error] :1:1: Premature end of file.
2026-05-24 11:04:04,683 [ERROR] LogOutputStream:75 - [STDERR_REDIRECT] 
2026-05-24 11:04:05,687 [ERROR] LogOutputStream:75 - [STDERR_REDIRECT] [Fatal Error] :1:1: Premature end of file.
2026-05-24 11:04:05,687 [ERROR] LogOutputStream:75 - [STDERR_REDIRECT] 
2026-05-24 11:04:06,683 [ERROR] LogOutputStream:75 - [STDERR_REDIRECT] [Fatal Error] :1:1: Premature end of file.
2026-05-24 11:04:06,689 [ERROR] LogOutputStream:75 - [STDERR_REDIRECT] 
2026-05-24 11:04:07,684 [ERROR] LogOutputStream:75 - [STDERR_REDIRECT] [Fatal Error] :1:1: Premature end of file.
2026-05-24 11:04:07,684 [ERROR] LogOutputStream:75 - [STDERR_REDIRECT] 
2026-05-24 11:04:08,683 [ERROR] LogOutputStream:75 - [STDERR_REDIRECT] [Fatal Error] :1:1: Premature end of file.
2026-05-24 11:04:08,683 [ERROR] LogOutputStream:75 - [STDERR_REDIRECT] 
2026-05-24 11:04:09,688 [ERROR] LogOutputStream:75 - [STDERR_REDIRECT] [Fatal Error] :1:1: Premature end of file.
2026-05-24 11:04:09,688 [ERROR] LogOutputStream:75 - [STDERR_REDIRECT] 
2026-05-24 11:04:10,688 [ERROR] LogOutputStream:75 - [STDERR_REDIRECT] [Fatal Error] :1:1: Premature end of file.
2026-05-24 11:04:10,688 [ERROR] LogOutputStream:75 - [STDERR_REDIRECT] 
2026-05-24 11:04:11,687 [ERROR] LogOutputStream:75 - [STDERR_REDIRECT] [Fatal Error] :1:1: Premature end of file.
2026-05-24 11:04:11,688 [ERROR] LogOutputStream:75 - [STDERR_REDIRECT] 
2026-05-24 11:04:12,689 [ERROR] LogOutputStream:75 - [STDERR_REDIRECT] [Fatal Error] :1:1: Premature end of file.
2026-05-24 11:04:12,689 [ERROR] LogOutputStream:75 - [STDERR_REDIRECT] 
2026-05-24 11:04:13,686 [ERROR] LogOutputStream:75 - [STDERR_REDIRECT] [Fatal Error] :1:1: Premature end of file.
2026-05-24 11:04:13,686 [ERROR] LogOutputStream:75 - [STDERR_REDIRECT] 
2026-05-24 11:04:14,689 [ERROR] LogOutputStream:75 - [STDERR_REDIRECT] [Fatal Error] :1:1: Premature end of file.
2026-05-24 11:04:14,690 [ERROR] LogOutputStream:75 - [STDERR_REDIRECT] 
2026-05-24 11:04:15,296 [ERROR] LogOutputStream:75 - [STDERR_REDIRECT] 
